../Core/Src/main.c:75:6:servo_init	8	static
../Core/Src/main.c:82:6:servo1_write	24	static
../Core/Src/main.c:89:6:servo2_write	24	static
../Core/Src/main.c:95:6:servo3_write	24	static
../Core/Src/main.c:101:6:HAL_GPIO_EXTI_Callback	24	static
../Core/Src/main.c:118:10:measure_pulse	24	static
../Core/Src/main.c:146:10:measure_pulse_avg	24	static
../Core/Src/main.c:156:6:read_color	8	static
../Core/Src/main.c:182:5:main	64	static
../Core/Src/main.c:355:6:SystemClock_Config	72	static
../Core/Src/main.c:394:13:MX_I2C1_Init	8	static
../Core/Src/main.c:428:13:MX_TIM1_Init	48	static
../Core/Src/main.c:487:13:MX_TIM2_Init	64	static
../Core/Src/main.c:554:13:MX_GPIO_Init	40	static
../Core/Src/main.c:599:6:Error_Handler	4	static,ignoring_inline_asm
